--------------------------------------------------------------------------------------
Timing Analyzer Summary
--------------------------------------------------------------------------------------

Type           : Worst-case tsu
Slack          : N/A
Required Time  : None
Actual Time    : 13.400 ns
From           : reset_n
To             : ps2_mouse:inst1|mouse_data_int[16]
From Clock     : --
To Clock       : clk
Failed Paths   : 0

Type           : Worst-case tco
Slack          : N/A
Required Time  : None
Actual Time    : 17.600 ns
From           : ps2_mouse:inst1|ps2_transceiver:ps2_transceiver_0|ps2_data~en
To             : ps2_data
From Clock     : clk
To Clock       : --
Failed Paths   : 0

Type           : Worst-case th
Slack          : N/A
Required Time  : None
Actual Time    : -1.200 ns
From           : reset_n
To             : ps2_mouse:inst1|ps2_transceiver:ps2_transceiver_0|bit_cnt[2]
From Clock     : --
To Clock       : clk
Failed Paths   : 0

Type           : Clock Setup: 'clk'
Slack          : N/A
Required Time  : None
Actual Time    : 37.74 MHz ( period = 26.500 ns )
From           : ps2_mouse:inst1|ps2_transceiver:ps2_transceiver_0|timer[4]
To             : ps2_mouse:inst1|ps2_transceiver:ps2_transceiver_0|timer[8]
From Clock     : clk
To Clock       : clk
Failed Paths   : 0

Type           : Total number of failed paths
Slack          : 
Required Time  : 
Actual Time    : 
From           : 
To             : 
From Clock     : 
To Clock       : 
Failed Paths   : 0

--------------------------------------------------------------------------------------

